<html>
<body>
<pre>
<h1>µVision Build Log</h1>
<h2>Tool Versions:</h2>
IDE-Version: ¦ÌVision V5.36.0.0
Copyright (C) 2021 ARM Ltd and ARM Germany GmbH. All rights reserved.
License Information: 11 00, 11, LIC=MPPLD-8VSEL-EVU1R-KFL2R-CRL7T-U6X3L
 
Tool Versions:
Toolchain:       MDK-ARM Plus  Version: 5.36.0.0
Toolchain Path:  C:\Keil_v5\ARM\ARMCC\Bin
C Compiler:      Armcc.exe V5.06 update 7 (build 960)
Assembler:       Armasm.exe V5.06 update 7 (build 960)
Linker/Locator:  ArmLink.exe V5.06 update 7 (build 960)
Library Manager: ArmAr.exe V5.06 update 7 (build 960)
Hex Converter:   FromElf.exe V5.06 update 7 (build 960)
CPU DLL:         SARMCM3.DLL V5.36.0.0
Dialog DLL:      DCM.DLL V1.17.3.0
Target DLL:      STLink\ST-LINKIII-KEIL_SWO.dll V3.0.9.0
Dialog DLL:      TCM.DLL V1.53.0.0
 
<h2>Project:</h2>
D:\STM32Project\8_2_LVGL\MDK-ARM\8_2_LVGL.uvprojx
Project File Date:  03/31/2023

<h2>Output:</h2>
*** Using Compiler 'V5.06 update 7 (build 960)', folder: 'C:\Keil_v5\ARM\ARMCC\Bin'
Build target '8_2_LVGL'
assembling startup_stm32f407xx.s...
compiling led.c...
compiling delay.c...
compiling sys.c...
compiling 24cxx.c...
compiling gt9147.c...
C:\Users\16004\Desktop\zhengdianyuanzilicheng\shiyan28_chumopin\HARDWARE\TOUCH\gt9147.c(146): warning:  #223-D: function "printf" declared implicitly
  	printf("CTP ID:%s\r\n",temp);	//????ID
C:\Users\16004\Desktop\zhengdianyuanzilicheng\shiyan28_chumopin\HARDWARE\TOUCH\gt9147.c: 1 warning, 0 errors
compiling myiic.c...
compiling key.c...
compiling ft5206.c...
C:\Users\16004\Desktop\zhengdianyuanzilicheng\shiyan28_chumopin\HARDWARE\TOUCH\ft5206.c(107): warning:  #223-D: function "printf" declared implicitly
  		printf("CTP ID:%x\r\n",((u16)temp[0]<<8)+temp[1]);
C:\Users\16004\Desktop\zhengdianyuanzilicheng\shiyan28_chumopin\HARDWARE\TOUCH\ft5206.c(113): warning:  #223-D: function "printf" declared implicitly
          printf("CTP ID:%s\r\n", temp);  //????ID
C:\Users\16004\Desktop\zhengdianyuanzilicheng\shiyan28_chumopin\HARDWARE\TOUCH\ft5206.c: 2 warnings, 0 errors
compiling ILI93xx.c...
C:\Users\16004\Desktop\stm32\LCD\ILI93xx.c(482): warning:  #223-D: function "printf" declared implicitly
  	printf(" LCD ID:%x\r\n",lcddev.id); //????LCD ID   
C:\Users\16004\Desktop\stm32\LCD\ILI93xx.c: 1 warning, 0 errors
compiling ctiic.c...
compiling ott2001a.c...
C:\Users\16004\Desktop\zhengdianyuanzilicheng\shiyan28_chumopin\HARDWARE\TOUCH\ott2001a.c(105): warning:  #223-D: function "printf" declared implicitly
  	printf("CTP ID:%x\r\n",regval);
C:\Users\16004\Desktop\zhengdianyuanzilicheng\shiyan28_chumopin\HARDWARE\TOUCH\ott2001a.c: 1 warning, 0 errors
compiling lv_port_disp.c...
compiling touch.c...
compiling lv_port_indev.c...
..\lvgl\examples\porting\lv_port_indev.c(225): warning:  #177-D: function "touchpad_is_pressed"  was declared but never referenced
  static bool touchpad_is_pressed(void)
..\lvgl\examples\porting\lv_port_indev.c(233): warning:  #177-D: function "touchpad_get_xy"  was declared but never referenced
  static void touchpad_get_xy(lv_coord_t * x, lv_coord_t * y)
..\lvgl\examples\porting\lv_port_indev.c: 2 warnings, 0 errors
compiling test.c...
test\test.c(48): warning:  #1295-D: Deprecated declaration show_win2 - give arg types
  void show_win2();
test\test.c(49): warning:  #1295-D: Deprecated declaration shibo - give arg types
   void shibo();
test\test.c(330): warning:  #188-D: enumerated type mixed with another type
  			lv_disp_set_rotation(NULL,0 );
test\test.c(600): warning:  #550-D: variable "timer"  was set but never used
  lv_timer_t* timer;
test\test.c: 4 warnings, 0 errors
compiling main.c...
../Src/main.c(77): warning:  #1295-D: Deprecated declaration show_win1 - give arg types
  void show_win1();
../Src/main.c(78): warning:  #1295-D: Deprecated declaration show_win2 - give arg types
  void show_win2();
../Src/main.c(94): warning:  #1035-D: single-precision operand implicitly converted to double-precision
  		voltage = VMaxRange / 2.0 * (sin(radian) + 1.0);              // ????????
../Src/main.c(103): warning:  #1035-D: single-precision operand implicitly converted to double-precision
  	double dig=top/3.3*4095;
../Src/main.c(122): warning:  #1035-D: single-precision operand implicitly converted to double-precision
  		fangbos[i]=top/3.3*4095;
../Src/main.c(233): warning:  #223-D: function "lv_port_indev_init" declared implicitly
  lv_port_indev_init();        //??????disp_init????
../Src/main.c(238): warning:  #223-D: function "test_start" declared implicitly
  			test_start();
../Src/main.c(152): warning:  #177-D: function "touchpad_read"  was declared but never referenced
  static void touchpad_read(lv_indev_drv_t * indev_drv, lv_indev_data_t * data);
../Src/main.c: 8 warnings, 0 errors
compiling stm32f4xx_hal_msp.c...
compiling stm32f4xx_hal_adc_ex.c...
compiling usart.c...
compiling gpio.c...
compiling stm32f4xx_hal_rcc.c...
compiling tim.c...
compiling dma.c...
compiling fsmc.c...
compiling stm32f4xx_hal_flash_ramfunc.c...
compiling stm32f4xx_it.c...
compiling stm32f4xx_hal_rcc_ex.c...
compiling dac.c...
compiling stm32f4xx_hal_flash_ex.c...
compiling adc.c...
compiling stm32f4xx_hal_flash.c...
compiling stm32f4xx_hal_adc.c...
compiling stm32f4xx_hal_gpio.c...
compiling stm32f4xx_hal_dma_ex.c...
compiling stm32f4xx_hal_exti.c...
compiling stm32f4xx_hal_sram.c...
compiling stm32f4xx_hal_cortex.c...
compiling stm32f4xx_hal_pwr.c...
compiling stm32f4xx_hal_uart.c...
compiling system_stm32f4xx.c...
compiling stm32f4xx_hal_pwr_ex.c...
compiling stm32f4xx_hal.c...
compiling stm32f4xx_ll_fsmc.c...
compiling stm32f4xx_hal_dma.c...
compiling stm32f4xx_hal_dac.c...
compiling stm32f4xx_hal_dac_ex.c...
compiling stm32f4xx_hal_tim_ex.c...
compiling stm32f4xx_hal_tim.c...
linking...
Program Size: Code=181714 RO-data=45950 RW-data=920 ZI-data=78928  
FromELF: creating hex file...
"8_2_LVGL\8_2_LVGL.axf" - 0 Error(s), 19 Warning(s).

<h2>Software Packages used:</h2>

Package Vendor: ARM
                http://www.keil.com/pack/ARM.CMSIS.5.8.0.pack
                ARM.CMSIS.5.8.0
                CMSIS (Common Microcontroller Software Interface Standard)
   * Component: CORE Version: 5.5.0

Package Vendor: Keil
                http://www.keil.com/pack/Keil.STM32F4xx_DFP.2.16.0.pack
                Keil.STM32F4xx_DFP.2.16.0
                STMicroelectronics STM32F4 Series Device Support, Drivers and Examples

<h2>Collection of Component include folders:</h2>
  .\RTE\_8_2_LVGL
  C:\Users\16004\AppData\Local\Arm\Packs\ARM\CMSIS\5.8.0\CMSIS\Core\Include
  C:\Users\16004\AppData\Local\Arm\Packs\Keil\STM32F4xx_DFP\2.16.0\Drivers\CMSIS\Device\ST\STM32F4xx\Include

<h2>Collection of Component Files used:</h2>

   * Component: ARM::CMSIS:CORE:5.5.0
      Include file:  CMSIS\Core\Include\tz_context.h
Build Time Elapsed:  00:00:29
</pre>
</body>
</html>
